
> iolink-admin-ui@0.1.0 e2e
> playwright test


Running 10 tests using 3 workers

(node:3860618) Warning: The 'NO_COLOR' env is ignored due to the 'FORCE_COLOR' env being set.
(Use `node --trace-warnings ...` to show where the warning was created)
(node:3860619) Warning: The 'NO_COLOR' env is ignored due to the 'FORCE_COLOR' env being set.
(Use `node --trace-warnings ...` to show where the warning was created)
(node:3860620) Warning: The 'NO_COLOR' env is ignored due to the 'FORCE_COLOR' env being set.
(Use `node --trace-warnings ...` to show where the warning was created)
  ✓   2 e2e/smoke.spec.ts:3:1 › 管理员可从登录进入运营总览 (1.2s)
  ✘   4 e2e/smoke.spec.ts:15:1 › 主导航可进入设备管理 (106ms)
  ✘   1 e2e/admin-pages.spec.ts:9:1 › 所有管理页面在桌面和窄屏保持可用 (1.6s)
(node:3861122) Warning: The 'NO_COLOR' env is ignored due to the 'FORCE_COLOR' env being set.
(Use `node --trace-warnings ...` to show where the warning was created)
  ✘   5 e2e/admin-pages.spec.ts:32:1 › 创建、确认和改密流程显示可恢复状态 (117ms)
(node:3861329) Warning: The 'NO_COLOR' env is ignored due to the 'FORCE_COLOR' env being set.
(Use `node --trace-warnings ...` to show where the warning was created)
  ✘   6 e2e/admin-pages.spec.ts:60:1 › 过期会话回到登录页并清理本地令牌 (118ms)
(node:3861619) Warning: The 'NO_COLOR' env is ignored due to the 'FORCE_COLOR' env being set.
(Use `node --trace-warnings ...` to show where the warning was created)
  ✘   7 e2e/admin-pages.spec.ts:71:1 › 产品页可创建包含数值和枚举字段的版本并发布分配 (126ms)
(node:3861922) Warning: The 'NO_COLOR' env is ignored due to the 'FORCE_COLOR' env being set.
(Use `node --trace-warnings ...` to show where the warning was created)
  ✘   8 e2e/admin-pages.spec.ts:101:1 › 组织成员角色变更、支持期限和停用状态可保存 (116ms)
  ✘   3 e2e/support-expiry.spec.ts:6:5 › 支持到期：Asia/Shanghai › 上海时间显示、编辑、保存和重载保持同一瞬间 (6.2s)
(node:3862248) Warning: The 'NO_COLOR' env is ignored due to the 'FORCE_COLOR' env being set.
(Use `node --trace-warnings ...` to show where the warning was created)
  ✘   9 e2e/support-expiry.spec.ts:6:5 › 支持到期：UTC › 上海时间显示、编辑、保存和重载保持同一瞬间 (120ms)
(node:3862398) Warning: The 'NO_COLOR' env is ignored due to the 'FORCE_COLOR' env being set.
(Use `node --trace-warnings ...` to show where the warning was created)
  ✘  10 e2e/support-expiry.spec.ts:6:5 › 支持到期：America/New_York › 上海时间显示、编辑、保存和重载保持同一瞬间 (114ms)


  1) e2e/admin-pages.spec.ts:9:1 › 所有管理页面在桌面和窄屏保持可用 ────────────────────────────────────────────────

    Error: page.goto: net::ERR_CONNECTION_REFUSED at http://127.0.0.1:5173/dashboard
    Call log:
      - navigating to "http://127.0.0.1:5173/dashboard", waiting until "load"


      22 |     for (const width of [1440, 768, 375]) {
      23 |       await page.setViewportSize({ width, height: width < 500 ? 900 : 960 })
    > 24 |       await page.goto(path)
         |                  ^
      25 |       await expect(page.getByRole('heading', { name: heading, level: 2 })).toBeVisible()
      26 |       await expect(page.locator('.el-loading-mask')).toHaveCount(0)
      27 |       await page.screenshot({ path: `../.omo/evidence/todo7-${path.slice(1).replaceAll('/', '-')}-${width}.png`, fullPage: true })
        at /tmp/iolink-m6b-support-timezone/web/e2e/admin-pages.spec.ts:24:18

    Error Context: test-results/admin-pages-所有管理页面在桌面和窄屏保持可用/error-context.md

  2) e2e/admin-pages.spec.ts:32:1 › 创建、确认和改密流程显示可恢复状态 ──────────────────────────────────────────────

    Error: page.goto: net::ERR_CONNECTION_REFUSED at http://127.0.0.1:5173/login
    Call log:
      - navigating to "http://127.0.0.1:5173/login", waiting until "load"


      2 |
      3 | async function login(page: Page) {
    > 4 |   await page.goto('/login')
        |              ^
      5 |   await page.getByRole('button', { name: '进入控制台' }).click()
      6 |   await expect(page).toHaveURL(/\/dashboard$/)
      7 | }
        at login (/tmp/iolink-m6b-support-timezone/web/e2e/admin-pages.spec.ts:4:14)
        at /tmp/iolink-m6b-support-timezone/web/e2e/admin-pages.spec.ts:33:9

    Error Context: test-results/admin-pages-创建、确认和改密流程显示可恢复状态/error-context.md

  3) e2e/admin-pages.spec.ts:60:1 › 过期会话回到登录页并清理本地令牌 ───────────────────────────────────────────────

    Error: page.goto: net::ERR_CONNECTION_REFUSED at http://127.0.0.1:5173/login
    Call log:
      - navigating to "http://127.0.0.1:5173/login", waiting until "load"


      59 |
      60 | test('过期会话回到登录页并清理本地令牌', async ({ page }) => {
    > 61 |   await page.goto('/login')
         |              ^
      62 |   await page.evaluate(() => {
      63 |     localStorage.setItem('iolink.admin.token', 'expired')
      64 |     localStorage.setItem('iolink.admin.expires_at', String(Date.now() - 1))
        at /tmp/iolink-m6b-support-timezone/web/e2e/admin-pages.spec.ts:61:14

    Error Context: test-results/admin-pages-过期会话回到登录页并清理本地令牌/error-context.md

  4) e2e/admin-pages.spec.ts:71:1 › 产品页可创建包含数值和枚举字段的版本并发布分配 ────────────────────────────────────────

    Error: page.goto: net::ERR_CONNECTION_REFUSED at http://127.0.0.1:5173/login
    Call log:
      - navigating to "http://127.0.0.1:5173/login", waiting until "load"


      2 |
      3 | async function login(page: Page) {
    > 4 |   await page.goto('/login')
        |              ^
      5 |   await page.getByRole('button', { name: '进入控制台' }).click()
      6 |   await expect(page).toHaveURL(/\/dashboard$/)
      7 | }
        at login (/tmp/iolink-m6b-support-timezone/web/e2e/admin-pages.spec.ts:4:14)
        at /tmp/iolink-m6b-support-timezone/web/e2e/admin-pages.spec.ts:72:9

    Error Context: test-results/admin-pages-产品页可创建包含数值和枚举字段的版本并发布分配/error-context.md

  5) e2e/admin-pages.spec.ts:101:1 › 组织成员角色变更、支持期限和停用状态可保存 ─────────────────────────────────────────

    Error: page.goto: net::ERR_CONNECTION_REFUSED at http://127.0.0.1:5173/login
    Call log:
      - navigating to "http://127.0.0.1:5173/login", waiting until "load"


      2 |
      3 | async function login(page: Page) {
    > 4 |   await page.goto('/login')
        |              ^
      5 |   await page.getByRole('button', { name: '进入控制台' }).click()
      6 |   await expect(page).toHaveURL(/\/dashboard$/)
      7 | }
        at login (/tmp/iolink-m6b-support-timezone/web/e2e/admin-pages.spec.ts:4:14)
        at /tmp/iolink-m6b-support-timezone/web/e2e/admin-pages.spec.ts:102:9

    Error Context: test-results/admin-pages-组织成员角色变更、支持期限和停用状态可保存/error-context.md

  6) e2e/smoke.spec.ts:15:1 › 主导航可进入设备管理 ───────────────────────────────────────────────────────────

    Error: page.goto: net::ERR_CONNECTION_REFUSED at http://127.0.0.1:5173/login
    Call log:
      - navigating to "http://127.0.0.1:5173/login", waiting until "load"


      14 |
      15 | test('主导航可进入设备管理', async ({ page }) => {
    > 16 |   await page.goto('/login')
         |              ^
      17 |   await page.getByRole('button', { name: '进入控制台' }).click()
      18 |   await page.getByRole('link', { name: '设备管理' }).click()
      19 |   await expect(page.getByRole('heading', { name: '设备管理', level: 2 })).toBeVisible()
        at /tmp/iolink-m6b-support-timezone/web/e2e/smoke.spec.ts:16:14

    Error Context: test-results/smoke-主导航可进入设备管理/error-context.md

  7) e2e/support-expiry.spec.ts:6:5 › 支持到期：Asia/Shanghai › 上海时间显示、编辑、保存和重载保持同一瞬间 ───────────────────

    Error: expect(locator).toHaveValue(expected) failed

    Locator: getByRole('row', { name: /时区测试成员/ }).locator('input').nth(1)
    Expected: "2099-10-03 13:00"
    Timeout: 5000ms
    Error: element(s) not found

    Call log:
      - Expect "toHaveValue" getByRole('row', { name: /时区测试成员/ }).locator('input').nth(1) with timeout 5000ms
      - waiting for getByRole('row', { name: /时区测试成员/ }).locator('input').nth(1)


      30 |       ])
      31 |       await page.reload()
    > 32 |       await expect(page.getByRole('row', { name: /时区测试成员/ }).locator('input').nth(1)).toHaveValue('2099-10-03 13:00')
         |                                                                                       ^
      33 |     })
      34 |   })
      35 | }
        at /tmp/iolink-m6b-support-timezone/web/e2e/support-expiry.spec.ts:32:87

    Error Context: test-results/support-expiry-支持到期：Asia-Shanghai-上海时间显示、编辑、保存和重载保持同一瞬间/error-context.md

  8) e2e/support-expiry.spec.ts:6:5 › 支持到期：UTC › 上海时间显示、编辑、保存和重载保持同一瞬间 ─────────────────────────────

    Error: page.goto: net::ERR_CONNECTION_REFUSED at http://127.0.0.1:5173/login
    Call log:
      - navigating to "http://127.0.0.1:5173/login", waiting until "load"


      12 |         }
      13 |       })
    > 14 |       await page.goto('/login')
         |                  ^
      15 |       await page.getByRole('button', { name: '进入控制台' }).click()
      16 |       await expect(page).toHaveURL(/\/dashboard$/)
      17 |       await page.goto('/tenants')
        at /tmp/iolink-m6b-support-timezone/web/e2e/support-expiry.spec.ts:14:18

    Error Context: test-results/support-expiry-支持到期：UTC-上海时间显示、编辑、保存和重载保持同一瞬间/error-context.md

  9) e2e/support-expiry.spec.ts:6:5 › 支持到期：America/New_York › 上海时间显示、编辑、保存和重载保持同一瞬间 ────────────────

    Error: page.goto: net::ERR_CONNECTION_REFUSED at http://127.0.0.1:5173/login
    Call log:
      - navigating to "http://127.0.0.1:5173/login", waiting until "load"


      12 |         }
      13 |       })
    > 14 |       await page.goto('/login')
         |                  ^
      15 |       await page.getByRole('button', { name: '进入控制台' }).click()
      16 |       await expect(page).toHaveURL(/\/dashboard$/)
      17 |       await page.goto('/tenants')
        at /tmp/iolink-m6b-support-timezone/web/e2e/support-expiry.spec.ts:14:18

    Error Context: test-results/support-expiry-支持到期：America-New-York-上海时间显示、编辑、保存和重载保持同一瞬间/error-context.md

  9 failed
    e2e/admin-pages.spec.ts:9:1 › 所有管理页面在桌面和窄屏保持可用 ─────────────────────────────────────────────────
    e2e/admin-pages.spec.ts:32:1 › 创建、确认和改密流程显示可恢复状态 ───────────────────────────────────────────────
    e2e/admin-pages.spec.ts:60:1 › 过期会话回到登录页并清理本地令牌 ────────────────────────────────────────────────
    e2e/admin-pages.spec.ts:71:1 › 产品页可创建包含数值和枚举字段的版本并发布分配 ─────────────────────────────────────────
    e2e/admin-pages.spec.ts:101:1 › 组织成员角色变更、支持期限和停用状态可保存 ──────────────────────────────────────────
    e2e/smoke.spec.ts:15:1 › 主导航可进入设备管理 ────────────────────────────────────────────────────────────
    e2e/support-expiry.spec.ts:6:5 › 支持到期：Asia/Shanghai › 上海时间显示、编辑、保存和重载保持同一瞬间 ────────────────────
    e2e/support-expiry.spec.ts:6:5 › 支持到期：UTC › 上海时间显示、编辑、保存和重载保持同一瞬间 ──────────────────────────────
    e2e/support-expiry.spec.ts:6:5 › 支持到期：America/New_York › 上海时间显示、编辑、保存和重载保持同一瞬间 ─────────────────
  1 passed (7.8s)
